// Jest Snapshot v1, https://goo.gl/fbAQLP

exports[` should correctly render expensesSummary with 1 expense 1`] = `
<div>
  <h1>
    viewing 
    1
     
    expense
     totalling 
    $20.00
     
  </h1>
</div>
`;

exports[` should correctly render expensesSummary with multiple expenses 1`] = `
<div>
  <h1>
    viewing 
    12
     
    expenses
     totalling 
    $4,355.00
     
  </h1>
</div>
`;
